// Jest Snapshot v1, https://goo.gl/fbAQLP

exports[`<Input /> matches snapshot 1`] = `
<div>
  <div
    class="valid css-38lqwp-inputContainerBaseStyles-inputContainerBaseStyles-inputBaseStyles-inputBaseStyles-inputContainer-inputContainer"
  >
    <div
      class="input-wrapper"
    >
      <input
        id="story-input"
      />
    </div>
  </div>
</div>
`;
