// Jest Snapshot v1, https://goo.gl/fbAQLP

exports[`<Select /> matches snapshot 1`] = `
<div>
  <div
    class=" css-mqijmr-inputContainerBaseStyles-inputContainerBaseStyles-inputBaseStyles-inputBaseStyles-selectContainer-selectContainer"
  >
    <label
      class="css-xs6o3g-label-label"
      for="programming-language"
    >
      Choose a programming language
    </label>
    <div
      class="select-input-wrapper"
    >
      <select
        id="programming-language"
      >
        <option
          value="rs"
        >
          Rust
        </option>
        <option
          value="js"
        >
          JavaScript
        </option>
        <option
          value="ts"
        >
          TypeScript
        </option>
        <option
          value="go"
        >
          GoLang
        </option>
        <option
          value="python"
        >
          Python
        </option>
        <option
          disabled=""
          value="php"
        >
          PHP
        </option>
      </select>
      <span
        class="carret-wrapper"
      >
        <svg-file-stub
          height="24"
        />
      </span>
    </div>
  </div>
</div>
`;
